../Core/Src/main.c:148:5:main	5
../Core/Src/main.c:264:6:SystemClock_Config	3
../Core/Src/main.c:311:13:MX_FDCAN1_Init	2
../Core/Src/main.c:354:13:MX_GPIO_Init	1
../Core/Src/main.c:373:13:pack_u16_le	1
../Core/Src/main.c:379:13:can_send	5
../Core/Src/main.c:421:13:send_can_0x100	1
../Core/Src/main.c:435:13:send_can_0x101	1
../Core/Src/main.c:450:13:send_can_0x102	1
../Core/Src/main.c:466:13:send_can_0x200	1
../Core/Src/main.c:490:6:StartSignalGeneratorTask	5
../Core/Src/main.c:565:6:StartProcessingTask	3
../Core/Src/main.c:615:6:StartCanTxTask	4
../Core/Src/main.c:661:6:StartStatusLedTask	1
../Core/Src/main.c:680:6:HAL_TIM_PeriodElapsedCallback	2
../Core/Src/main.c:698:6:Error_Handler	1
