../Core/Src/main.c:148:5:main	8	static
../Core/Src/main.c:264:6:SystemClock_Config	88	static
../Core/Src/main.c:311:13:MX_FDCAN1_Init	8	static
../Core/Src/main.c:354:13:MX_GPIO_Init	24	static
../Core/Src/main.c:373:13:pack_u16_le	16	static
../Core/Src/main.c:379:13:can_send	64	static
../Core/Src/main.c:421:13:send_can_0x100	24	static
../Core/Src/main.c:435:13:send_can_0x101	24	static
../Core/Src/main.c:450:13:send_can_0x102	24	static
../Core/Src/main.c:466:13:send_can_0x200	24	static
../Core/Src/main.c:490:6:StartSignalGeneratorTask	48	static
../Core/Src/main.c:565:6:StartProcessingTask	40	static
../Core/Src/main.c:615:6:StartCanTxTask	56	static
../Core/Src/main.c:661:6:StartStatusLedTask	16	static
../Core/Src/main.c:680:6:HAL_TIM_PeriodElapsedCallback	16	static
../Core/Src/main.c:698:6:Error_Handler	4	static,ignoring_inline_asm
