../Core/Src/main.c:156:5:main	8	static
../Core/Src/main.c:281:6:SystemClock_Config	88	static
../Core/Src/main.c:328:13:MX_FDCAN1_Init	8	static
../Core/Src/main.c:371:13:MX_GPIO_Init	24	static
../Core/Src/main.c:390:13:pack_u16_le	16	static
../Core/Src/main.c:396:13:can_send	64	static
../Core/Src/main.c:438:13:send_can_0x100	24	static
../Core/Src/main.c:452:13:send_can_0x101	24	static
../Core/Src/main.c:467:13:send_can_0x102	24	static
../Core/Src/main.c:483:13:send_can_0x200	24	static
../Core/Src/main.c:507:6:StartSignalGeneratorTask	48	static
../Core/Src/main.c:582:6:StartProcessingTask	40	static
../Core/Src/main.c:632:6:StartCanTxTask	56	static
../Core/Src/main.c:678:6:StartStatusLedTask	16	static
../Core/Src/main.c:697:6:HAL_TIM_PeriodElapsedCallback	16	static
../Core/Src/main.c:715:6:Error_Handler	4	static,ignoring_inline_asm
