../Core/Src/main.c:156:5:main	5
../Core/Src/main.c:281:6:SystemClock_Config	3
../Core/Src/main.c:328:13:MX_FDCAN1_Init	2
../Core/Src/main.c:371:13:MX_GPIO_Init	1
../Core/Src/main.c:390:13:pack_u16_le	1
../Core/Src/main.c:396:13:can_send	5
../Core/Src/main.c:438:13:send_can_0x100	1
../Core/Src/main.c:452:13:send_can_0x101	1
../Core/Src/main.c:467:13:send_can_0x102	1
../Core/Src/main.c:483:13:send_can_0x200	1
../Core/Src/main.c:507:6:StartSignalGeneratorTask	5
../Core/Src/main.c:582:6:StartProcessingTask	3
../Core/Src/main.c:632:6:StartCanTxTask	4
../Core/Src/main.c:678:6:StartStatusLedTask	1
../Core/Src/main.c:697:6:HAL_TIM_PeriodElapsedCallback	2
../Core/Src/main.c:715:6:Error_Handler	1
